#!/usr/bin/env bats

@test 'a' {
  echo
}

@test 'b' {
  echo
}
